HI-TECH Software C Compiler 

Linker command line:

--edf=C:\Program Files (x86)\HI-TECH Software\PICC\9.70\dat\en_msgs.txt -cs \
  -h+cic.sym -z -Q16F886 -ol.obj -Mcic.map -E1 \
  -ACODE=00h-07FFhx3,01800h-01EFFh -ACONST=00h-0FFhx31 -AENTRY=00h-0FFhx31 \
  -ASTRING=00h-0FFhx31 -ABANK0=020h-06Fh -ABANK1=0A0h-0EFh \
  -ABANK2=0110h-016Fh -ABANK3=0190h-01E4h \
  -ARAM=020h-06Fh,0A0h-0EFh,0110h-016Fh,0190h-01E4h \
  -AABS1=020h-07Fh,0A0h-0EFh,0110h-016Fh,0190h-01EFh -ACOMMON=071h-07Fh \
  -ASFR0=00h-01Fh -ASFR1=080h-09Fh -ASFR2=0100h-010Fh -ASFR3=0180h-018Fh \
  -preset_vec=00h,intentry=04h,init,end_init -ppowerup=CODE \
  -ACONFIG=02007h-02008h -pconfig=CONFIG -DCONFIG=2 -AIDLOC=02000h-02003h \
  -pidloc=IDLOC -DIDLOC=2 -AEEDATA=00h-0FFh/02100h -peeprom_data=EEDATA \
  -DEEDATA=2 -DCODE=2 -k C:\Users\Federico\AppData\Local\Temp\s63s.obj \
  cic.obj 

Object code version is 3.10

Machine type is 16F886



                Name          Link     Load   Length Selector   Space       Scale
C:\Users\Federico\AppData\Local\Temp\s63s.obj
                end_init        12       12        3       8     0
                reset_vec        0        0        4       0     0
cic.obj         config        2007     2007        2    400E     0
                idloc         2000     2000        4    4000     0
                intentry         4        4        E       8     0
                eeprom_da        0     2100      100    4200     2
                cstackBAN       20       20       1E      20     1
                maintext        34       34       F2      68     0
                cstackBAN       A0       A0       4D      A0     1
                cstackCOM       71       71        7      71     1
                text1203       126      126      6DA     24C     0
                text1213      12A3     12A3       2C    2546     0
                text1214      10AC     10AC        4    2158     0
                text1206      132B     132B       34    2656     0
                text1210      10D1     10D1        6    21A2     0
                bssBANK0        52       52       12      20     1
                dataBANK0       3E       3E       14      20     1
                cinit         12FC     12FC       2F    25F8     0
                bssCOMMON       78       78        3      71     1
                bssBANK3       1C3      1C3        6     190     1
                inittext      11F9     11F9       11    23F2     0
                cstackBAN      190      190       1B     190     1
                dataBANK3      1AB      1AB       18     190     1
                clrtext       10DE     10DE        8    21BC     0
                text1233      1135     1135        F    226A     0
                text1248      15C7     15C7      239    2B8E     0
                text1231      135F     135F       5A    26BE     0
                text1232       BF6      BF6      40A    17EC     0
                functab        800      800       66     24C     0
                text1251      13B9     13B9      20E    2772     0
                text1253      124A     124A       1B    2494     0
                text1220      10B5     10B5        5    216A     0
                text1223      1283     1283       20    2506     0
                text1218      12CF     12CF       2D    259E     0
                text1219      1265     1265       1E    24CA     0
                text1224        15       15        1       8     0
                text1229      1129     1129        C    2252     0
                text1230       889      889      36D    1112     0
                text1225      1144     1144        F    2288     0
                text1226      10A1     10A1        2    2142     0
                stringtex     11AD     11AD        F    235A     0
                stringtex     11CB     11CB        F    2396     0
                stringtex       16       16       1E      2C     0
                stringtex     119E     119E        F    233C     0
                stringtex     11BC     11BC        F    2378     0
                stringtex     11DA     11DA        F    23B4     0
                stringtex     1162     1162        F    22C4     0
                stringtex     1153     1153        F    22A6     0
                stringtex     1171     1171        F    22E2     0
                idataBANK     121E     121E       14    243C     0
                stringtex      867      867       22    10CE     0
                stringtex     10B0     10B0        5    2160     0
                idataBANK     1232     1232       18    2464     0
                strings       1000     1000        B    17EC     0
                stringtex     10E6     10E6        9    21CC     0
                stringtex     10D7     10D7        7    21AE     0
                stringtex     111D     111D        C    223A     0
                stringtex     10EF     10EF        A    21DE     0
                stringtex     10CB     10CB        6    2196     0
                stringtex     10A3     10A3        3    2146     0
                stringtex     10A6     10A6        3    214C     0
                stringtex     10BA     10BA        5    2174     0
                stringtex     10A9     10A9        3    2152     0
                stringtex     1111     1111        C    2222     0
                stringtex     10F9     10F9        C    21F2     0
                stringtex     118F     118F        F    231E     0
                stringtex     1180     1180        F    2300     0
                stringtex     1105     1105        C    220A     0
                stringtex     120A     120A       14    2414     0
                stringtex     11E9     11E9       10    23D2     0
                stringtex     10BF     10BF        6    217E     0
                stringtex     10C5     10C5        6    218A     0

TOTAL           Name          Link     Load   Length     Space
        CLASS   CODE           
                end_init        12       12        3     0
                intentry         4        4        E     0
                reset_vec        0        0        4     0
                maintext        34       34       F2     0
                text1203       126      126      6DA     0
                text1213      12A3     12A3       2C     0
                text1214      10AC     10AC        4     0
                text1206      132B     132B       34     0
                text1210      10D1     10D1        6     0
                cinit         12FC     12FC       2F     0
                inittext      11F9     11F9       11     0
                clrtext       10DE     10DE        8     0
                text1233      1135     1135        F     0
                text1248      15C7     15C7      239     0
                text1231      135F     135F       5A     0
                text1232       BF6      BF6      40A     0
                functab        800      800       66     0
                text1251      13B9     13B9      20E     0
                text1253      124A     124A       1B     0
                text1220      10B5     10B5        5     0
                text1223      1283     1283       20     0
                text1218      12CF     12CF       2D     0
                text1219      1265     1265       1E     0
                text1224        15       15        1     0
                text1229      1129     1129        C     0
                text1230       889      889      36D     0
                text1225      1144     1144        F     0
                text1226      10A1     10A1        2     0
                stringtex     11AD     11AD        F     0
                stringtex     11CB     11CB        F     0
                stringtex       16       16       1E     0
                stringtex     119E     119E        F     0
                stringtex     11BC     11BC        F     0
                stringtex     11DA     11DA        F     0
                stringtex     1162     1162        F     0
                stringtex     1153     1153        F     0
                stringtex     1171     1171        F     0
                idataBANK     121E     121E       14     0
                stringtex      867      867       22     0
                stringtex     10B0     10B0        5     0
                idataBANK     1232     1232       18     0
                strings       1000     1000        B     0
                stringtex     10E6     10E6        9     0
                stringtex     10D7     10D7        7     0
                stringtex     111D     111D        C     0
                stringtex     10EF     10EF        A     0
                stringtex     10CB     10CB        6     0
                stringtex     10A3     10A3        3     0
                stringtex     10A6     10A6        3     0
                stringtex     10BA     10BA        5     0
                stringtex     10A9     10A9        3     0
                stringtex     1111     1111        C     0
                stringtex     10F9     10F9        C     0
                stringtex     118F     118F        F     0
                stringtex     1180     1180        F     0
                stringtex     1105     1105        C     0
                stringtex     120A     120A       14     0
                stringtex     11E9     11E9       10     0
                stringtex     10BF     10BF        6     0
                stringtex     10C5     10C5        6     0

        CLASS   CONST          

        CLASS   ENTRY          

        CLASS   STRING         

        CLASS   BANK0          
                cstackBAN       20       20       1E     1
                bssBANK0        52       52       12     1
                dataBANK0       3E       3E       14     1

        CLASS   BANK1          
                cstackBAN       A0       A0       4D     1

        CLASS   BANK2          

        CLASS   BANK3          
                bssBANK3       1C3      1C3        6     1
                cstackBAN      190      190       1B     1
                dataBANK3      1AB      1AB       18     1

        CLASS   RAM            

        CLASS   ABS1           
                abs_s1          7E       7E        2     1

        CLASS   COMMON         
                cstackCOM       71       71        7     1
                bssCOMMON       78       78        3     1

        CLASS   SFR0           

        CLASS   SFR1           

        CLASS   SFR2           

        CLASS   SFR3           

        CLASS   CONFIG         
                config        2007     2007        2     0

        CLASS   IDLOC          
                idloc         2000     2000        4     0

        CLASS   EEDATA         
                eeprom_da        0     2100      100     2



SEGMENTS        Name            Load    Length   Top    Selector   Space  Class     Delta

                reset_vec       000000  000004  000004         0       0  CODE        2
                intentry        000004  000012  000016         8       0  CODE        2
                cstackBANK0     000020  000044  000064        20       1  BANK0       1
                stringtext3     000016  00001E  000034        2C       0  CODE        2
                maintext        000034  0000F2  000126        68       0  CODE        2
                cstackCOMMON    000071  00000A  00007B        71       1  COMMON      1
                cstackBANK1     0000A0  00004D  0000ED        A0       1  BANK1       1
                cstackBANK3     000190  000039  0001C9       190       1  BANK3       1
                text1203        000126  000740  000866       24C       0  CODE        2
                stringtext1     000867  000022  000889      10CE       0  CODE        2
                text1230        000889  00036D  000BF6      1112       0  CODE        2
                text1232        000BF6  000415  00100B      17EC       0  CODE        2
                text1226        0010A1  000002  0010A3      2142       0  CODE        2
                stringtext28    0010A3  000003  0010A6      2146       0  CODE        2
                stringtext29    0010A6  000003  0010A9      214C       0  CODE        2
                stringtext27    0010A9  000003  0010AC      2152       0  CODE        2
                text1214        0010AC  000004  0010B0      2158       0  CODE        2
                stringtext2     0010B0  000005  0010B5      2160       0  CODE        2
                text1220        0010B5  000005  0010BA      216A       0  CODE        2
                stringtext26    0010BA  000005  0010BF      2174       0  CODE        2
                stringtext17    0010BF  000006  0010C5      217E       0  CODE        2
                stringtext18    0010C5  000006  0010CB      218A       0  CODE        2
                stringtext25    0010CB  000006  0010D1      2196       0  CODE        2
                text1210        0010D1  000006  0010D7      21A2       0  CODE        2
                stringtext24    0010D7  000007  0010DE      21AE       0  CODE        2
                clrtext         0010DE  000008  0010E6      21BC       0  CODE        2
                stringtext23    0010E6  000009  0010EF      21CC       0  CODE        2
                stringtext22    0010EF  00000A  0010F9      21DE       0  CODE        2
                stringtext15    0010F9  00000C  001105      21F2       0  CODE        2
                stringtext16    001105  00000C  001111      220A       0  CODE        2
                stringtext14    001111  00000C  00111D      2222       0  CODE        2
                stringtext21    00111D  00000C  001129      223A       0  CODE        2
                text1229        001129  00000C  001135      2252       0  CODE        2
                text1233        001135  00000F  001144      226A       0  CODE        2
                text1225        001144  00000F  001153      2288       0  CODE        2
                stringtext8     001153  00000F  001162      22A6       0  CODE        2
                stringtext11    001162  00000F  001171      22C4       0  CODE        2
                stringtext9     001171  00000F  001180      22E2       0  CODE        2
                stringtext13    001180  00000F  00118F      2300       0  CODE        2
                stringtext12    00118F  00000F  00119E      231E       0  CODE        2
                stringtext4     00119E  00000F  0011AD      233C       0  CODE        2
                stringtext5     0011AD  00000F  0011BC      235A       0  CODE        2
                stringtext7     0011BC  00000F  0011CB      2378       0  CODE        2
                stringtext6     0011CB  00000F  0011DA      2396       0  CODE        2
                stringtext10    0011DA  00000F  0011E9      23B4       0  CODE        2
                stringtext20    0011E9  000010  0011F9      23D2       0  CODE        2
                inittext        0011F9  000011  00120A      23F2       0  CODE        2
                stringtext19    00120A  000014  00121E      2414       0  CODE        2
                idataBANK0      00121E  000014  001232      243C       0  CODE        2
                idataBANK3      001232  000018  00124A      2464       0  CODE        2
                text1253        00124A  00001B  001265      2494       0  CODE        2
                text1219        001265  00001E  001283      24CA       0  CODE        2
                text1223        001283  000020  0012A3      2506       0  CODE        2
                text1213        0012A3  00002C  0012CF      2546       0  CODE        2
                text1218        0012CF  00002D  0012FC      259E       0  CODE        2
                cinit           0012FC  00002F  00132B      25F8       0  CODE        2
                text1206        00132B  000034  00135F      2656       0  CODE        2
                text1231        00135F  00005A  0013B9      26BE       0  CODE        2
                text1251        0013B9  00020E  0015C7      2772       0  CODE        2
                text1248        0015C7  000239  001800      2B8E       0  CODE        2
                idloc           002000  000004  002004      4000       0  IDLOC       2
                config          002007  000002  002009      400E       0  CONFIG      2
                eeprom_data     002100  000100  002200      4200       2  EEDATA      2


UNUSED ADDRESS RANGES

        Name                Unused          Largest block    Delta
        BANK0            00064-0006F               C           1
        BANK1            000ED-000EF               3           1
        BANK2            00110-0016F              60           1
        BANK3            001C9-001E4              1C           1
        CODE             00866-00866               1           2
                         0100B-010A0              96
                         01800-01EFF             700
        COMMON           0007B-0007D               3           1
        CONST            010CC-010CD               2           1
        ENTRY            010CC-010CD               2           1
        RAM              00064-0006F               C           1
                         000ED-000EF               3
                         00110-0016F              60
                         001C9-001E4              1C
        SFR0             00000-0001F              20           1
        SFR1             00080-0009F              20           1
        SFR2             00100-0010F              10           1
        SFR3             00180-0018F              10           1
        STRING           010CC-010CD               2           1

                                  Symbol Table

??___atdiv                            cstackCOMMON 00071
??___atmod                            cstackCOMMON 00071
??___awdiv                            cstackCOMMON 00071
??___awmod                            cstackCOMMON 00071
??___lbdiv                            cstackCOMMON 00071
??___lbmod                            cstackCOMMON 00071
??___tmul                             cstackCOMMON 00071
??___wmul                             cstackCOMMON 00071
??_a_doNothing                        cstackCOMMON 00071
??_a_initializeDevice                 cstackCOMMON 00073
??_a_input2ActionFn                   cstackCOMMON 00071
??_a_input2ActionFp                   cstackCOMMON 00071
??_a_inputActionFn                    cstackCOMMON 00071
??_a_inputActionFp                    cstackCOMMON 00071
??_a_m0_first                         cstackCOMMON 00071
??_a_m0_first_inc                     cstackCOMMON 00071
??_a_m0_first_save                    cstackCOMMON 00071
??_a_m0_first_set                     cstackCOMMON 00071
??_a_m0_input                         cstackCOMMON 00071
??_a_m0_input_inc                     cstackCOMMON 00071
??_a_m0_input_save                    cstackCOMMON 00071
??_a_m0_input_set                     cstackCOMMON 00071
??_a_m0_nMem                          cstackCOMMON 00071
??_a_m0_nMem_dec                      cstackCOMMON 00072
??_a_m0_nMem_inc                      cstackCOMMON 00072
??_a_m0_nMem_save                     cstackCOMMON 00071
??_a_m0_nMem_set                      cstackCOMMON 00072
??_a_m0_return                        cstackCOMMON 00071
??_a_m0_tOnOff_entrance               cstackCOMMON 00074
??_a_m0_tOnOff_inc                    cstackBANK0  00031
??_a_m0_tOnOff_save                   cstackCOMMON 00074
??_a_m0_tOnOff_set                    cstackBANK0  00031
??_a_m0_tOnOff_showString             cstackCOMMON 00072
??_a_m0_tOnOff_showString_next        cstackCOMMON 00074
??_a_showHyphensOff                   cstackCOMMON 00071
??_a_showHyphensOn                    cstackCOMMON 00071
??_a_showTime                         cstackBANK0  00031
??_a_showTimerIdOff                   cstackCOMMON 00071
??_a_showTimerIdOn                    cstackCOMMON 00072
??_a_temporizar                       cstackBANK0  00024
??_a_testDisplaySetup                 cstackCOMMON 00071
??_d7sm_char2pins                     cstackBANK3  00194
??_d7sm_puts_scroll                   cstackCOMMON 00071
??_d7sm_set_88xx                      cstackCOMMON 00072
??_driver_ledSet                      cstackCOMMON 00071
??_eeprom_read                        cstackCOMMON 00071
??_eeprom_write                       cstackCOMMON 00071
??_fsmGetEvent                        cstackCOMMON 00071
??_isr                                cstackBANK3  001A0
??_kPin_driverDc                      cstackBANK3  00194
??_main                               cstackBANK0  0003A
??_systemInit                         cstackCOMMON 00071
??_t0Driver                           cstackBANK3  00194
??_t1Driver                           cstackBANK3  0019A
??_ucharToStr                         cstackCOMMON 00072
??i1___wmul                           cstackBANK3  00194
?___atdiv                             cstackBANK0  0002B
?___atmod                             cstackBANK0  00020
?___awdiv                             cstackBANK0  00024
?___awmod                             cstackBANK0  00020
?___lbdiv                             cstackBANK0  00020
?___lbmod                             cstackBANK0  00023
?___tmul                              cstackBANK0  00020
?___wmul                              cstackBANK0  00020
?_a_m0_tOnOff_showString              cstackBANK0  0002E
?_a_testDisplaySetup                  cstackCOMMON 00071
?_d7sm_char2pins                      cstackBANK3  00195
?_d7sm_puts_scroll                    cstackBANK0  00023
?_d7sm_set_88xx                       cstackBANK0  0002D
?_driver_ledSet                       cstackCOMMON 00071
?_eeprom_read                         cstackCOMMON 00073
?_eeprom_write                        cstackBANK0  00021
?_fsmGetEvent                         cstackCOMMON 00073
?_isr                                 cstackBANK3  001AB
?_kPin_driverDc                       cstackBANK3  00195
?_main                                cstackBANK0  0003E
?_systemInit                          cstackCOMMON 00071
?_t0Driver                            cstackBANK3  00196
?_t1Driver                            cstackBANK3  001A0
?_ucharToStr                          cstackBANK0  0002A
?i1___wmul                            cstackBANK3  00196
_ABDEN                                (abs)        00C38
_ABDOVF                               (abs)        00C3F
_ACKDT                                (abs)        0048D
_ACKEN                                (abs)        0048C
_ACKSTAT                              (abs)        0048E
_ADCON0                               (abs)        0001F
_ADCON1                               (abs)        0009F
_ADCS0                                (abs)        000FE
_ADCS1                                (abs)        000FF
_ADDEN                                (abs)        000C3
_ADFM                                 (abs)        004FF
_ADIE                                 (abs)        00466
_ADIF                                 (abs)        00066
_ADON                                 (abs)        000F8
_ADRESH                               (abs)        0001E
_ADRESL                               (abs)        0009E
_ANS0                                 (abs)        00C40
_ANS1                                 (abs)        00C41
_ANS10                                (abs)        00C4A
_ANS11                                (abs)        00C4B
_ANS12                                (abs)        00C4C
_ANS13                                (abs)        00C4D
_ANS2                                 (abs)        00C42
_ANS3                                 (abs)        00C43
_ANS4                                 (abs)        00C44
_ANS8                                 (abs)        00C48
_ANS9                                 (abs)        00C49
_ANSEL                                (abs)        00188
_ANSELH                               (abs)        00189
_BAUDCTL                              (abs)        00187
_BCLIE                                (abs)        0046B
_BCLIF                                (abs)        0006B
_BF                                   (abs)        004A0
_BOR                                  (abs)        00470
_BRG0                                 (abs)        004C8
_BRG1                                 (abs)        004C9
_BRG10                                (abs)        004D2
_BRG11                                (abs)        004D3
_BRG12                                (abs)        004D4
_BRG13                                (abs)        004D5
_BRG14                                (abs)        004D6
_BRG15                                (abs)        004D7
_BRG16                                (abs)        00C3B
_BRG2                                 (abs)        004CA
_BRG3                                 (abs)        004CB
_BRG4                                 (abs)        004CC
_BRG5                                 (abs)        004CD
_BRG6                                 (abs)        004CE
_BRG7                                 (abs)        004CF
_BRG8                                 (abs)        004D0
_BRG9                                 (abs)        004D1
_BRGH                                 (abs)        004C2
_C1CH0                                (abs)        00838
_C1CH1                                (abs)        00839
_C1IE                                 (abs)        0046D
_C1IF                                 (abs)        0006D
_C1OE                                 (abs)        0083D
_C1ON                                 (abs)        0083F
_C1OUT                                (abs)        0083E
_C1POL                                (abs)        0083C
_C1R                                  (abs)        0083A
_C1RSEL                               (abs)        0084D
_C1SEN                                (abs)        00C2D
_C2CH0                                (abs)        00840
_C2CH1                                (abs)        00841
_C2IE                                 (abs)        0046E
_C2IF                                 (abs)        0006E
_C2OE                                 (abs)        00845
_C2ON                                 (abs)        00847
_C2OUT                                (abs)        00846
_C2POL                                (abs)        00844
_C2R                                  (abs)        00842
_C2REN                                (abs)        00C2C
_C2RSEL                               (abs)        0084C
_C2SYNC                               (abs)        00848
_CARRY                                (abs)        00018
_CCP1CON                              (abs)        00017
_CCP1IE                               (abs)        00462
_CCP1IF                               (abs)        00062
_CCP1M0                               (abs)        000B8
_CCP1M1                               (abs)        000B9
_CCP1M2                               (abs)        000BA
_CCP1M3                               (abs)        000BB
_CCP2CON                              (abs)        0001D
_CCP2IE                               (abs)        00468
_CCP2IF                               (abs)        00068
_CCP2M0                               (abs)        000E8
_CCP2M1                               (abs)        000E9
_CCP2M2                               (abs)        000EA
_CCP2M3                               (abs)        000EB
_CCP2X                                (abs)        000ED
_CCP2Y                                (abs)        000EC
_CCPR1H                               (abs)        00016
_CCPR1L                               (abs)        00015
_CCPR2H                               (abs)        0001C
_CCPR2L                               (abs)        0001B
_CHS0                                 (abs)        000FA
_CHS1                                 (abs)        000FB
_CHS2                                 (abs)        000FC
_CHS3                                 (abs)        000FD
_CKE                                  (abs)        004A6
_CKP                                  (abs)        000A4
_CM1CON0                              (abs)        00107
_CM2CON0                              (abs)        00108
_CM2CON1                              (abs)        00109
_CREN                                 (abs)        000C4
_CSRC                                 (abs)        004C7
_DA                                   (abs)        004A5
_DC                                   (abs)        00019
_DC1B0                                (abs)        000BC
_DC1B1                                (abs)        000BD
_ECCPAS                               (abs)        0009C
_ECCPAS0                              (abs)        004E4
_ECCPAS1                              (abs)        004E5
_ECCPAS2                              (abs)        004E6
_ECCPASE                              (abs)        004E7
_EEADR                                (abs)        0010D
_EEADRH                               (abs)        0010F
_EEADRL                               (abs)        0010D
_EECON1                               (abs)        0018C
_EECON2                               (abs)        0018D
_EEDAT                                (abs)        0010C
_EEDATA                               (abs)        0010C
_EEDATH                               (abs)        0010E
_EEIE                                 (abs)        0046C
_EEIF                                 (abs)        0006C
_EEPGD                                (abs)        00C67
_FERR                                 (abs)        000C2
_FSR                                  (abs)        00004
_FVREN                                (abs)        00C28
_GCEN                                 (abs)        0048F
_GIE                                  (abs)        0005F
_GODONE                               (abs)        000F9
_HTS                                  (abs)        0047A
_INDF                                 (abs)        00000
_INTCON                               (abs)        0000B
_INTE                                 (abs)        0005C
_INTEDG                               (abs)        0040E
_INTF                                 (abs)        00059
_IOCB                                 (abs)        00096
_IOCB0                                (abs)        004B0
_IOCB1                                (abs)        004B1
_IOCB2                                (abs)        004B2
_IOCB3                                (abs)        004B3
_IOCB4                                (abs)        004B4
_IOCB5                                (abs)        004B5
_IOCB6                                (abs)        004B6
_IOCB7                                (abs)        004B7
_IRCF0                                (abs)        0047C
_IRCF1                                (abs)        0047D
_IRCF2                                (abs)        0047E
_IRP                                  (abs)        0001F
_KEY_0                                (abs)        00028
_KEY_1                                (abs)        0002A
_KEY_2                                (abs)        0004B
_KEY_3                                (abs)        00030
_KEY_4                                (abs)        00032
_LTS                                  (abs)        00479
_MC1OUT                               (abs)        0084F
_MC2OUT                               (abs)        0084E
_OERR                                 (abs)        000C1
_OPTION                               (abs)        00081
_OSCCON                               (abs)        0008F
_OSCTUNE                              (abs)        00090
_OSFIE                                (abs)        0046F
_OSFIF                                (abs)        0006F
_OSTS                                 (abs)        0047B
_P1M0                                 (abs)        000BE
_P1M1                                 (abs)        000BF
_PCL                                  (abs)        00002
_PCLATH                               (abs)        0000A
_PCON                                 (abs)        0008E
_PD                                   (abs)        0001B
_PDC0                                 (abs)        004D8
_PDC1                                 (abs)        004D9
_PDC2                                 (abs)        004DA
_PDC3                                 (abs)        004DB
_PDC4                                 (abs)        004DC
_PDC5                                 (abs)        004DD
_PDC6                                 (abs)        004DE
_PEIE                                 (abs)        0005E
_PEN                                  (abs)        0048A
_PIE1                                 (abs)        0008C
_PIE2                                 (abs)        0008D
_PIR1                                 (abs)        0000C
_PIR2                                 (abs)        0000D
_POR                                  (abs)        00471
_PORTA                                (abs)        00005
_PORTB                                (abs)        00006
_PORTC                                (abs)        00007
_PORTE                                (abs)        00009
_PR2                                  (abs)        00092
_PRSEN                                (abs)        004DF
_PS0                                  (abs)        00408
_PS1                                  (abs)        00409
_PS2                                  (abs)        0040A
_PSA                                  (abs)        0040B
_PSSAC0                               (abs)        004E2
_PSSAC1                               (abs)        004E3
_PSSBD0                               (abs)        004E0
_PSSBD1                               (abs)        004E1
_PSTRCON                              (abs)        0009D
_PULSR                                (abs)        00C2A
_PULSS                                (abs)        00C2B
_PWM1CON                              (abs)        0009B
_RA0                                  (abs)        00028
_RA1                                  (abs)        00029
_RA2                                  (abs)        0002A
_RA3                                  (abs)        0002B
_RA4                                  (abs)        0002C
_RA5                                  (abs)        0002D
_RA6                                  (abs)        0002E
_RA7                                  (abs)        0002F
_RABIE                                (abs)        0005B
_RABIF                                (abs)        00058
_RABPU                                (abs)        0040F
_RB0                                  (abs)        00030
_RB1                                  (abs)        00031
_RB2                                  (abs)        00032
_RB3                                  (abs)        00033
_RB4                                  (abs)        00034
_RB5                                  (abs)        00035
_RB6                                  (abs)        00036
_RB7                                  (abs)        00037
_RBIE                                 (abs)        0005B
_RBIF                                 (abs)        00058
_RBPU                                 (abs)        0040F
_RC0                                  (abs)        00038
_RC1                                  (abs)        00039
_RC2                                  (abs)        0003A
_RC3                                  (abs)        0003B
_RC4                                  (abs)        0003C
_RC5                                  (abs)        0003D
_RC6                                  (abs)        0003E
_RC7                                  (abs)        0003F
_RCEN                                 (abs)        0048B
_RCIDL                                (abs)        00C3E
_RCIE                                 (abs)        00465
_RCIF                                 (abs)        00065
_RCREG                                (abs)        0001A
_RCSTA                                (abs)        00018
_RD                                   (abs)        00C60
_RE3                                  (abs)        0004B
_RP0                                  (abs)        0001D
_RP1                                  (abs)        0001E
_RSEN                                 (abs)        00489
_RW                                   (abs)        004A2
_RX9                                  (abs)        000C6
_RX9D                                 (abs)        000C0
_SBOREN                               (abs)        00474
_SCKP                                 (abs)        00C3C
_SCS                                  (abs)        00478
_SEN                                  (abs)        00488
_SENDB                                (abs)        004C3
_SMP                                  (abs)        004A7
_SPBRG                                (abs)        00099
_SPBRGH                               (abs)        0009A
_SPEN                                 (abs)        000C7
_SR0                                  (abs)        00C2E
_SR1                                  (abs)        00C2F
_SRCON                                (abs)        00185
_SREN                                 (abs)        000C5
_SSPADD                               (abs)        00093
_SSPBUF                               (abs)        00013
_SSPCON                               (abs)        00014
_SSPCON2                              (abs)        00091
_SSPEN                                (abs)        000A5
_SSPIE                                (abs)        00463
_SSPIF                                (abs)        00063
_SSPM0                                (abs)        000A0
_SSPM1                                (abs)        000A1
_SSPM2                                (abs)        000A2
_SSPM3                                (abs)        000A3
_SSPMSK                               (abs)        00093
_SSPOV                                (abs)        000A6
_SSPSTAT                              (abs)        00094
_START                                (abs)        004A3
_STATUS                               (abs)        00003
_STOP                                 (abs)        004A4
_STRA                                 (abs)        004E8
_STRB                                 (abs)        004E9
_STRC                                 (abs)        004EA
_STRD                                 (abs)        004EB
_STRSYNC                              (abs)        004EC
_SWDTEN                               (abs)        00828
_SYNC                                 (abs)        004C4
_T0CS                                 (abs)        0040D
_T0IE                                 (abs)        0005D
_T0IF                                 (abs)        0005A
_T0SE                                 (abs)        0040C
_T1CKPS0                              (abs)        00084
_T1CKPS1                              (abs)        00085
_T1CON                                (abs)        00010
_T1GINV                               (abs)        00087
_T1GSS                                (abs)        00849
_T1OSCEN                              (abs)        00083
_T1SYNC                               (abs)        00082
_T2CKPS0                              (abs)        00090
_T2CKPS1                              (abs)        00091
_T2CON                                (abs)        00012
_TMR0                                 (abs)        00001
_TMR1CS                               (abs)        00081
_TMR1GE                               (abs)        00086
_TMR1H                                (abs)        0000F
_TMR1IE                               (abs)        00460
_TMR1IF                               (abs)        00060
_TMR1L                                (abs)        0000E
_TMR1ON                               (abs)        00080
_TMR2                                 (abs)        00011
_TMR2IE                               (abs)        00461
_TMR2IF                               (abs)        00061
_TMR2ON                               (abs)        00092
_TO                                   (abs)        0001C
_TOUTPS0                              (abs)        00093
_TOUTPS1                              (abs)        00094
_TOUTPS2                              (abs)        00095
_TOUTPS3                              (abs)        00096
_TRISA                                (abs)        00085
_TRISA0                               (abs)        00428
_TRISA1                               (abs)        00429
_TRISA2                               (abs)        0042A
_TRISA3                               (abs)        0042B
_TRISA4                               (abs)        0042C
_TRISA5                               (abs)        0042D
_TRISA6                               (abs)        0042E
_TRISA7                               (abs)        0042F
_TRISB                                (abs)        00086
_TRISB0                               (abs)        00430
_TRISB1                               (abs)        00431
_TRISB2                               (abs)        00432
_TRISB3                               (abs)        00433
_TRISB4                               (abs)        00434
_TRISB5                               (abs)        00435
_TRISB6                               (abs)        00436
_TRISB7                               (abs)        00437
_TRISC                                (abs)        00087
_TRISC0                               (abs)        00438
_TRISC1                               (abs)        00439
_TRISC2                               (abs)        0043A
_TRISC3                               (abs)        0043B
_TRISC4                               (abs)        0043C
_TRISC5                               (abs)        0043D
_TRISC6                               (abs)        0043E
_TRISC7                               (abs)        0043F
_TRISE                                (abs)        00089
_TRISE3                               (abs)        0044B
_TRMT                                 (abs)        004C1
_TUN0                                 (abs)        00480
_TUN1                                 (abs)        00481
_TUN2                                 (abs)        00482
_TUN3                                 (abs)        00483
_TUN4                                 (abs)        00484
_TX9                                  (abs)        004C6
_TX9D                                 (abs)        004C0
_TXEN                                 (abs)        004C5
_TXIE                                 (abs)        00464
_TXIF                                 (abs)        00064
_TXREG                                (abs)        00019
_TXSTA                                (abs)        00098
_UA                                   (abs)        004A1
_ULPWUE                               (abs)        00475
_ULPWUIE                              (abs)        0046A
_ULPWUIF                              (abs)        0006A
_VCFG0                                (abs)        004FC
_VCFG1                                (abs)        004FD
_VR0                                  (abs)        004B8
_VR1                                  (abs)        004B9
_VR2                                  (abs)        004BA
_VR3                                  (abs)        004BB
_VRCON                                (abs)        00097
_VREN                                 (abs)        004BF
_VROE                                 (abs)        004BE
_VRR                                  (abs)        004BD
_VRSS                                 (abs)        004BC
_WCOL                                 (abs)        000A7
_WDTCON                               (abs)        00105
_WDTPS0                               (abs)        00829
_WDTPS1                               (abs)        0082A
_WDTPS2                               (abs)        0082B
_WDTPS3                               (abs)        0082C
_WPUB                                 (abs)        00095
_WPUB0                                (abs)        004A8
_WPUB1                                (abs)        004A9
_WPUB2                                (abs)        004AA
_WPUB3                                (abs)        004AB
_WPUB4                                (abs)        004AC
_WPUB5                                (abs)        004AD
_WPUB6                                (abs)        004AE
_WPUB7                                (abs)        004AF
_WR                                   (abs)        00C61
_WREN                                 (abs)        00C62
_WRERR                                (abs)        00C63
_WUE                                  (abs)        00C39
_ZERO                                 (abs)        0001A
__Babs1                               abs1         04400
__Bbank0                              bank0        04400
__Bbank1                              bank1        04400
__Bbank2                              bank2        04400
__Bbank3                              bank3        04400
__Bclrtext                            clrtext      04400
__Bcode                               code         04400
__Bcommon                             common       04400
__Beeprom_data                        eeprom_data  02100
__Bptbit_0                            ptbit_0      04400
__Bram                                ram          04400
__Bsfr0                               sfr0         04400
__Bsfr1                               sfr1         04400
__Bsfr2                               sfr2         04400
__Bsfr3                               sfr3         04400
__Bstrings                            strings      04400
__Btext                               text         04400
__Habs1                               abs1         00200
__Hbank0                              bank0        00200
__Hbank1                              bank1        00200
__Hbank2                              bank2        00200
__Hbank3                              bank3        00200
__HbssBANK0                           bssBANK0     04400
__HbssBANK3                           bssBANK3     04400
__HbssCOMMON                          bssCOMMON    04400
__Hcinit                              cinit        04400
__Hclrtext                            clrtext      00200
__Hcode                               code         00200
__Hcommon                             common       00200
__Hconfig                             config       02009
__HcstackBANK0                        cstackBANK0  04400
__HcstackBANK1                        cstackBANK1  04400
__HcstackBANK3                        cstackBANK3  04400
__HcstackCOMMON                       cstackCOMMON 04400
__HdataBANK0                          dataBANK0    04400
__HdataBANK3                          dataBANK3    04400
__Heeprom_data                        eeprom_data  00100
__Hend_init                           end_init     00015
__Hfunctab                            functab      04400
__HidataBANK0                         idataBANK0   04400
__HidataBANK3                         idataBANK3   04400
__Hidloc                              idloc        02004
__Hinit                               init         00012
__Hinittext                           inittext     04400
__Hintentry                           intentry     00012
__Hintsave                            intsave      04400
__Hmaintext                           maintext     04400
__Hpowerup                            powerup      00015
__Hptbit_0                            ptbit_0      22000
__Hram                                ram          00200
__Hreset_vec                          reset_vec    00004
__Hsfr0                               sfr0         00200
__Hsfr1                               sfr1         00200
__Hsfr2                               sfr2         00200
__Hsfr3                               sfr3         00200
__Hstrings                            strings      00200
__Hstringtext1                        stringtext1  04400
__Hstringtext10                       stringtext10 04400
__Hstringtext11                       stringtext11 04400
__Hstringtext12                       stringtext12 04400
__Hstringtext13                       stringtext13 04400
__Hstringtext14                       stringtext14 04400
__Hstringtext15                       stringtext15 04400
__Hstringtext16                       stringtext16 04400
__Hstringtext17                       stringtext17 04400
__Hstringtext18                       stringtext18 04400
__Hstringtext19                       stringtext19 04400
__Hstringtext2                        stringtext2  04400
__Hstringtext20                       stringtext20 04400
__Hstringtext21                       stringtext21 04400
__Hstringtext22                       stringtext22 04400
__Hstringtext23                       stringtext23 04400
__Hstringtext24                       stringtext24 04400
__Hstringtext25                       stringtext25 04400
__Hstringtext26                       stringtext26 04400
__Hstringtext27                       stringtext27 04400
__Hstringtext28                       stringtext28 04400
__Hstringtext29                       stringtext29 04400
__Hstringtext3                        stringtext3  04400
__Hstringtext30                       stringtext30 04400
__Hstringtext4                        stringtext4  04400
__Hstringtext5                        stringtext5  04400
__Hstringtext6                        stringtext6  04400
__Hstringtext7                        stringtext7  04400
__Hstringtext8                        stringtext8  04400
__Hstringtext9                        stringtext9  04400
__Hstruct                             struct       00064
__Htemp                               temp         00064
__Htext                               text         00200
__Labs1                               abs1         00200
__Lbank0                              bank0        00200
__Lbank1                              bank1        00200
__Lbank2                              bank2        00200
__Lbank3                              bank3        00200
__LbssBANK0                           bssBANK0     04400
__LbssBANK3                           bssBANK3     04400
__LbssCOMMON                          bssCOMMON    04400
__Lcinit                              cinit        04400
__Lclrtext                            clrtext      00200
__Lcode                               code         00200
__Lcommon                             common       00200
__Lconfig                             config       02007
__LcstackBANK0                        cstackBANK0  04400
__LcstackBANK1                        cstackBANK1  04400
__LcstackBANK3                        cstackBANK3  04400
__LcstackCOMMON                       cstackCOMMON 04400
__LdataBANK0                          dataBANK0    04400
__LdataBANK3                          dataBANK3    04400
__Leeprom_data                        eeprom_data  00000
__Lend_init                           end_init     00012
__Lfunctab                            functab      04400
__LidataBANK0                         idataBANK0   04400
__LidataBANK3                         idataBANK3   04400
__Lidloc                              idloc        02000
__Linit                               init         00012
__Linittext                           inittext     04400
__Lintentry                           intentry     00004
__Lintsave                            intsave      04400
__Lmaintext                           maintext     04400
__Lpowerup                            powerup      00015
__Lptbit_0                            ptbit_0      22000
__Lram                                ram          00200
__Lreset_vec                          reset_vec    00000
__Lsfr0                               sfr0         00200
__Lsfr1                               sfr1         00200
__Lsfr2                               sfr2         00200
__Lsfr3                               sfr3         00200
__Lstrings                            strings      00200
__Lstringtext1                        stringtext1  04400
__Lstringtext10                       stringtext10 04400
__Lstringtext11                       stringtext11 04400
__Lstringtext12                       stringtext12 04400
__Lstringtext13                       stringtext13 04400
__Lstringtext14                       stringtext14 04400
__Lstringtext15                       stringtext15 04400
__Lstringtext16                       stringtext16 04400
__Lstringtext17                       stringtext17 04400
__Lstringtext18                       stringtext18 04400
__Lstringtext19                       stringtext19 04400
__Lstringtext2                        stringtext2  04400
__Lstringtext20                       stringtext20 04400
__Lstringtext21                       stringtext21 04400
__Lstringtext22                       stringtext22 04400
__Lstringtext23                       stringtext23 04400
__Lstringtext24                       stringtext24 04400
__Lstringtext25                       stringtext25 04400
__Lstringtext26                       stringtext26 04400
__Lstringtext27                       stringtext27 04400
__Lstringtext28                       stringtext28 04400
__Lstringtext29                       stringtext29 04400
__Lstringtext3                        stringtext3  04400
__Lstringtext30                       stringtext30 04400
__Lstringtext4                        stringtext4  04400
__Lstringtext5                        stringtext5  04400
__Lstringtext6                        stringtext6  04400
__Lstringtext7                        stringtext7  04400
__Lstringtext8                        stringtext8  04400
__Lstringtext9                        stringtext9  04400
__Lstruct                             struct       00064
__Ltemp                               temp         00064
__Ltext                               text         00200
__S0                                  (abs)        02009
__S1                                  (abs)        001C9
__S2                                  (abs)        02200
___atdiv                              text1230     00A8B
___atdiv@counter                      cstackBANK0  00026
___atdiv@dividend                     cstackBANK0  0002B
___atdiv@divisor                      cstackBANK0  0002E
___atdiv@quotient                     cstackBANK0  00028
___atdiv@sign                         cstackBANK0  00027
___atmod                              text1230     00AE8
___atmod@counter                      cstackCOMMON 00072
___atmod@dividend                     cstackBANK0  00020
___atmod@divisor                      cstackBANK0  00023
___atmod@sign                         cstackCOMMON 00071
___awdiv                              text1203     00422
___awdiv@counter                      cstackBANK0  00020
___awdiv@dividend                     cstackBANK0  00024
___awdiv@divisor                      cstackBANK0  00026
___awdiv@quotient                     cstackBANK0  00022
___awdiv@sign                         cstackBANK0  00021
___awmod                              text1230     00955
___awmod@counter                      cstackCOMMON 00072
___awmod@dividend                     cstackBANK0  00020
___awmod@divisor                      cstackBANK0  00022
___awmod@sign                         cstackCOMMON 00071
___lbdiv                              text1203     007BA
___lbdiv@counter                      cstackCOMMON 00072
___lbdiv@dividend                     cstackCOMMON 00071
___lbdiv@divisor                      cstackBANK0  00020
___lbdiv@quotient                     cstackCOMMON 00073
___lbmod                              text1203     0079D
___lbmod@counter                      cstackBANK0  00021
___lbmod@dividend                     cstackBANK0  00020
___lbmod@divisor                      cstackBANK0  00023
___lbmod@rem                          cstackBANK0  00022
___tmul                               text1203     007D6
___tmul@multiplicand                  cstackBANK0  00023
___tmul@multiplier                    cstackBANK0  00020
___tmul@product                       cstackCOMMON 00071
___wmul                               text1230     0093C
___wmul@multiplicand                  cstackBANK0  00022
___wmul@multiplier                    cstackBANK0  00020
___wmul@product                       cstackCOMMON 00071
__end_of___atdiv                      text1230     00AE8
__end_of___atmod                      text1230     00B35
__end_of___awdiv                      text1203     00467
__end_of___awmod                      text1230     0098E
__end_of___lbdiv                      text1203     007D6
__end_of___lbmod                      text1203     007BA
__end_of___tmul                       text1203     007FD
__end_of___wmul                       text1230     00955
__end_of_a_doNothing                  text1224     00016
__end_of_a_initializeDevice           text1230     00B79
__end_of_a_input2ActionFn             text1219     01283
__end_of_a_input2ActionFp             text1214     010B0
__end_of_a_inputActionFn              text1218     012FC
__end_of_a_inputActionFp              text1223     012A3
__end_of_a_m0_first                   text1203     0016C
__end_of_a_m0_first_inc               text1213     012AA
__end_of_a_m0_first_save              text1203     0014F
__end_of_a_m0_first_set               text1213     012CF
__end_of_a_m0_input                   text1206     0135F
__end_of_a_m0_input_inc               text1203     0027E
__end_of_a_m0_input_save              text1206     01343
__end_of_a_m0_input_set               text1203     002BB
__end_of_a_m0_nMem                    text1203     001F8
__end_of_a_m0_nMem_dec                text1203     00171
__end_of_a_m0_nMem_inc                text1203     00176
__end_of_a_m0_nMem_save               text1203     001D4
__end_of_a_m0_nMem_set                text1203     001BE
__end_of_a_m0_return                  text1210     010D7
__end_of_a_m0_tOnOff_entrance         text1203     00133
__end_of_a_m0_tOnOff_inc              text1203     0079D
__end_of_a_m0_tOnOff_save             text1203     00253
__end_of_a_m0_tOnOff_set              text1230     00A8B
__end_of_a_m0_tOnOff_showString       text1203     00354
__end_of_a_m0_tOnOff_showString_next  text1203     002CC
__end_of_a_showHyphensOff             text1226     010A3
__end_of_a_showHyphensOn              text1225     01153
__end_of_a_showTime                   text1203     00582
__end_of_a_showTimerIdOff             text1220     010BA
__end_of_a_showTimerIdOn              text1203     00422
__end_of_a_temporizar                 text1230     0093C
__end_of_a_testDisplaySetup           text1229     01135
__end_of_d7sm_char2pins               text1251     015C4
__end_of_d7sm_puts_scroll             text1203     00383
__end_of_d7sm_set_88xx                text1230     00BF6
__end_of_driver_ledSet                text1233     01144
__end_of_eeprom_read                  text1230     00B92
__end_of_eeprom_write                 text1203     00276
__end_of_fsmGetEvent                  text1232     01000
__end_of_isr                          text1248     016F0
__end_of_kPin_driverDc                text1248     0173B
__end_of_main                         maintext     00120
__end_of_systemInit                   text1231     013B9
__end_of_t0Driver                     text1248     01777
__end_of_t1Driver                     text1248     017FA
__end_of_ucharToStr                   text1203     005A3
__end_ofi1___wmul                     text1253     01265
__pbssBANK0                           bssBANK0     00052
__pbssBANK3                           bssBANK3     001C3
__pbssCOMMON                          bssCOMMON    00078
__pcstackBANK0                        cstackBANK0  00020
__pcstackBANK1                        cstackBANK1  000A0
__pcstackBANK3                        cstackBANK3  00190
__pcstackCOMMON                       cstackCOMMON 00071
__pdataBANK0                          dataBANK0    0003E
__pdataBANK3                          dataBANK3    001AB
__pfunctab                            functab      00800
__pidataBANK0                         idataBANK0   0121E
__pidataBANK3                         idataBANK3   01232
__pintentry                           intentry     00004
__pmaintext                           maintext     00034
__pstrings                            strings      01000
__pstringtext1                        stringtext1  00867
__pstringtext10                       stringtext10 011DA
__pstringtext11                       stringtext11 01162
__pstringtext12                       stringtext12 0118F
__pstringtext13                       stringtext13 01180
__pstringtext14                       stringtext14 01111
__pstringtext15                       stringtext15 010F9
__pstringtext16                       stringtext16 01105
__pstringtext17                       stringtext17 010BF
__pstringtext18                       stringtext18 010C5
__pstringtext19                       stringtext19 0120A
__pstringtext2                        stringtext2  010B0
__pstringtext20                       stringtext20 011E9
__pstringtext21                       stringtext21 0111D
__pstringtext22                       stringtext22 010EF
__pstringtext23                       stringtext23 010E6
__pstringtext24                       stringtext24 010D7
__pstringtext25                       stringtext25 010CB
__pstringtext26                       stringtext26 010BA
__pstringtext27                       stringtext27 010A9
__pstringtext28                       stringtext28 010A3
__pstringtext29                       stringtext29 010A6
__pstringtext3                        stringtext3  00016
__pstringtext30                       stringtext30 00015
__pstringtext4                        stringtext4  0119E
__pstringtext5                        stringtext5  011AD
__pstringtext6                        stringtext6  011CB
__pstringtext7                        stringtext7  011BC
__pstringtext8                        stringtext8  01153
__pstringtext9                        stringtext9  01171
__ptext1199                           text1203     002BB
__ptext1200                           text1203     001F8
__ptext1201                           text1230     00994
__ptext1202                           text1203     005A3
__ptext1203                           text1203     00126
__ptext1204                           text1203     00276
__ptext1205                           text1203     00176
__ptext1206                           text1206     0132B
__ptext1207                           text1203     001BE
__ptext1208                           text1203     0016C
__ptext1209                           text1203     00171
__ptext1210                           text1210     010D1
__ptext1211                           text1213     012AA
__ptext1212                           text1203     00133
__ptext1213                           text1213     012A3
__ptext1214                           text1214     010AC
__ptext1215                           text1206     01343
__ptext1216                           text1203     0027E
__ptext1217                           text1203     001D4
__ptext1218                           text1218     012CF
__ptext1219                           text1219     01265
__ptext1220                           text1220     010B5
__ptext1221                           text1203     00383
__ptext1222                           text1203     00467
__ptext1223                           text1223     01283
__ptext1224                           text1224     00015
__ptext1225                           text1225     01144
__ptext1226                           text1226     010A1
__ptext1227                           text1230     00B35
__ptext1228                           text1203     0014F
__ptext1229                           text1229     01129
__ptext1230                           text1230     00889
__ptext1231                           text1231     0135F
__ptext1232                           text1232     00BF6
__ptext1233                           text1233     01135
__ptext1234                           text1230     00B79
__ptext1235                           text1230     0093C
__ptext1236                           text1203     007D6
__ptext1237                           text1203     002CC
__ptext1238                           text1230     00955
__ptext1239                           text1203     00253
__ptext1240                           text1230     00A8B
__ptext1241                           text1203     007BA
__ptext1242                           text1230     00B92
__ptext1243                           text1230     00AE8
__ptext1244                           text1203     00582
__ptext1245                           text1203     00354
__ptext1246                           text1203     00422
__ptext1247                           text1203     0079D
__ptext1248                           text1248     015C7
__ptext1249                           text1248     0173B
__ptext1250                           text1248     01777
__ptext1251                           text1251     013B9
__ptext1252                           text1248     016F0
__ptext1253                           text1253     0124A
__ptext1254                           text1254     00015
__size_of___atdiv                     (abs)        00000
__size_of___atmod                     (abs)        00000
__size_of___awdiv                     (abs)        00000
__size_of___awmod                     (abs)        00000
__size_of___lbdiv                     (abs)        00000
__size_of___lbmod                     (abs)        00000
__size_of___tmul                      (abs)        00000
__size_of___wmul                      (abs)        00000
__size_of_a_doNothing                 (abs)        00000
__size_of_a_initializeDevice          (abs)        00000
__size_of_a_input2ActionFn            (abs)        00000
__size_of_a_input2ActionFp            (abs)        00000
__size_of_a_inputActionFn             (abs)        00000
__size_of_a_inputActionFp             (abs)        00000
__size_of_a_m0_first                  (abs)        00000
__size_of_a_m0_first_inc              (abs)        00000
__size_of_a_m0_first_save             (abs)        00000
__size_of_a_m0_first_set              (abs)        00000
__size_of_a_m0_input                  (abs)        00000
__size_of_a_m0_input_inc              (abs)        00000
__size_of_a_m0_input_save             (abs)        00000
__size_of_a_m0_input_set              (abs)        00000
__size_of_a_m0_nMem                   (abs)        00000
__size_of_a_m0_nMem_dec               (abs)        00000
__size_of_a_m0_nMem_inc               (abs)        00000
__size_of_a_m0_nMem_save              (abs)        00000
__size_of_a_m0_nMem_set               (abs)        00000
__size_of_a_m0_return                 (abs)        00000
__size_of_a_m0_tOnOff_entrance        (abs)        00000
__size_of_a_m0_tOnOff_inc             (abs)        00000
__size_of_a_m0_tOnOff_save            (abs)        00000
__size_of_a_m0_tOnOff_set             (abs)        00000
__size_of_a_m0_tOnOff_showString      (abs)        00000
__size_of_a_m0_tOnOff_showString_next (abs)        00000
__size_of_a_showHyphensOff            (abs)        00000
__size_of_a_showHyphensOn             (abs)        00000
__size_of_a_showTime                  (abs)        00000
__size_of_a_showTimerIdOff            (abs)        00000
__size_of_a_showTimerIdOn             (abs)        00000
__size_of_a_temporizar                (abs)        00000
__size_of_a_testDisplaySetup          (abs)        00000
__size_of_d7sm_char2pins              (abs)        00000
__size_of_d7sm_puts_scroll            (abs)        00000
__size_of_d7sm_set_88xx               (abs)        00000
__size_of_driver_ledSet               (abs)        00000
__size_of_eeprom_read                 (abs)        00000
__size_of_eeprom_write                (abs)        00000
__size_of_fsmGetEvent                 (abs)        00000
__size_of_isr                         (abs)        00000
__size_of_kPin_driverDc               (abs)        00000
__size_of_main                        (abs)        00000
__size_of_systemInit                  (abs)        00000
__size_of_t0Driver                    (abs)        00000
__size_of_t1Driver                    (abs)        00000
__size_of_ucharToStr                  (abs)        00000
__size_ofi1___wmul                    (abs)        00000
__stringbase                          strings      0100B
_a_doNothing                          text1224     00015
_a_initializeDevice                   text1230     00B35
_a_input2ActionFn                     text1219     01265
_a_input2ActionFp                     text1214     010AC
_a_inputActionFn                      text1218     012CF
_a_inputActionFp                      text1223     01283
_a_m0_first                           text1203     0014F
_a_m0_first_inc                       text1213     012A3
_a_m0_first_save                      text1203     00133
_a_m0_first_set                       text1213     012AA
_a_m0_input                           text1206     01343
_a_m0_input_inc                       text1203     00276
_a_m0_input_save                      text1206     0132B
_a_m0_input_set                       text1203     0027E
_a_m0_nMem                            text1203     001D4
_a_m0_nMem_dec                        text1203     0016C
_a_m0_nMem_inc                        text1203     00171
_a_m0_nMem_save                       text1203     001BE
_a_m0_nMem_set                        text1203     00176
_a_m0_return                          text1210     010D1
_a_m0_tOnOff_entrance                 text1203     00126
_a_m0_tOnOff_inc                      text1203     005A3
_a_m0_tOnOff_save                     text1203     001F8
_a_m0_tOnOff_set                      text1230     00994
_a_m0_tOnOff_showString               text1203     002CC
_a_m0_tOnOff_showString_next          text1203     002BB
_a_showHyphensOff                     text1226     010A1
_a_showHyphensOn                      text1225     01144
_a_showTime                           text1203     00467
_a_showTime$4234                      cstackBANK0  00034
_a_showTimerIdOff                     text1220     010B5
_a_showTimerIdOn                      text1203     00383
_a_temporizar                         text1230     00889
_a_testDisplaySetup                   text1229     01129
_bitTitila                            bssCOMMON    00078
_d7sm_buffer                          dataBANK3    001BB
_d7sm_char2pins                       text1251     013B9
_d7sm_puts_scroll                     text1203     00354
_d7sm_set_88xx                        text1230     00B92
_disp                                 dataBANK0    0003E
_driver_ledSet                        text1233     01135
_eeprom_read                          text1230     00B79
_eeprom_write                         text1203     00253
_estadoFsm                            bssCOMMON    00079
_exit                                 init         00012
_fsmGetEvent                          text1232     00BF6
_fsmGetEvent$1681                     cstackBANK1  000D4
_fsmGetEvent$1682                     cstackBANK1  000D2
_fsmGetEvent$1683                     cstackBANK1  000D8
_fsmGetEvent$1684                     cstackBANK1  000D6
_fsmGetEvent$1685                     cstackBANK1  000D0
_fsmGetEvent$1690                     cstackBANK1  000CA
_fsmGetEvent$1691                     cstackBANK1  000C8
_fsmGetEvent$1692                     cstackBANK1  000CE
_fsmGetEvent$1693                     cstackBANK1  000CC
_fsmGetEvent$1694                     cstackBANK1  000E6
_fsmGetEvent$1695                     cstackBANK1  000E4
_fsmGetEvent$1696                     cstackBANK1  000EA
_fsmGetEvent$1697                     cstackBANK1  000E8
_fsmGetEvent$1698                     cstackBANK1  000E2
_fsmGetEvent$1699                     cstackBANK1  000DC
_fsmGetEvent$1700                     cstackBANK1  000DA
_fsmGetEvent$1701                     cstackBANK1  000E0
_fsmGetEvent$1702                     cstackBANK1  000DE
_fsmGetEvent$1703                     cstackBANK1  000C6
_fsmGetEvent$1704                     cstackBANK1  000AC
_fsmGetEvent$1705                     cstackBANK1  000AA
_fsmGetEvent$1706                     cstackBANK1  000B0
_fsmGetEvent$1707                     cstackBANK1  000AE
_fsmGetEvent$1708                     cstackBANK1  000A8
_fsmGetEvent$1709                     cstackBANK1  000A2
_fsmGetEvent$1710                     cstackBANK1  000A0
_fsmGetEvent$1711                     cstackBANK1  000A6
_fsmGetEvent$1712                     cstackBANK1  000A4
_fsmGetEvent$1713                     cstackBANK1  000B2
_fsmGetEvent$1714                     cstackBANK1  000C0
_fsmGetEvent$1715                     cstackBANK1  000BE
_fsmGetEvent$1716                     cstackBANK1  000C4
_fsmGetEvent$1717                     cstackBANK1  000C2
_fsmGetEvent$1718                     cstackBANK1  000BC
_fsmGetEvent$1719                     cstackBANK1  000B6
_fsmGetEvent$1720                     cstackBANK1  000B4
_fsmGetEvent$1721                     cstackBANK1  000BA
_fsmGetEvent$1722                     cstackBANK1  000B8
_fsmStateTable                        stringtext1  00867
_isr                                  text1248     015C7
_isr$883                              cstackBANK3  001A9
_kPin                                 dataBANK3    001AB
_kPinBuffer                           bssCOMMON    0007A
_kPin_driverDc                        text1248     016F0
_main                                 maintext     00034
_main$2360                            cstackBANK3  00191
_menu_text_main                       dataBANK3    001B5
_s_idle                               stringtext3  00016
_s_m0_first                           stringtext14 01111
_s_m0_first_set                       stringtext4  0119E
_s_m0_input                           stringtext15 010F9
_s_m0_input_set                       stringtext5  011AD
_s_m0_nMem                            stringtext16 01105
_s_m0_nMem_set                        stringtext6  011CB
_s_m0_tonToff                         stringtext7  011BC
_s_m0_tonToff_setHoras0               stringtext8  01153
_s_m0_tonToff_setHoras1               stringtext9  01171
_s_m0_tonToff_setMinutos0             stringtext10 011DA
_s_m0_tonToff_setMinutos1             stringtext11 01162
_s_m0_tonToff_setSegundos0            stringtext12 0118F
_s_m0_tonToff_setSegundos1            stringtext13 01180
_s_rst                                stringtext17 010BF
_s_testDisplay                        stringtext18 010C5
_s_testDisplaySetup                   stringtext19 0120A
_systemInit                           text1231     0135F
_t0DelayConstant                      stringtext2  010B0
_t0Driver                             text1248     0173B
_t0Mem                                bssBANK0     00052
_t1DelayConstant                      bssBANK3     001C3
_t1Driver                             text1248     01777
_t1Mem                                bssBANK0     0005C
_tmp_11                               dataBANK0    00044
_ucharToStr                           text1203     00582
a_m0_nMem_set@i                       cstackBANK0  0002B
a_m0_nMem_set@n                       cstackBANK0  0002A
a_m0_nMem_set@s                       cstackBANK0  00029
a_m0_nMem_set@str                     cstackBANK0  00028
a_m0_tOnOff_inc@hh                    cstackBANK1  000A7
a_m0_tOnOff_inc@mm                    cstackBANK1  000A8
a_m0_tOnOff_inc@num                   cstackBANK1  000A0
a_m0_tOnOff_inc@p2s                   cstackBANK1  000A5
a_m0_tOnOff_inc@ss                    cstackBANK1  000A9
a_m0_tOnOff_inc@titila                cstackBANK1  000A4
a_m0_tOnOff_set@num                   cstackBANK0  00037
a_m0_tOnOff_set@p2s                   cstackBANK0  00035
a_m0_tOnOff_set@titila                cstackBANK0  00034
a_m0_tOnOff_showString@i              cstackBANK0  0002B
a_m0_tOnOff_showString@i_1776         cstackBANK0  0002D
a_m0_tOnOff_showString@n              cstackBANK0  0002C
a_m0_tOnOff_showString@n_1777         cstackBANK0  0002A
a_m0_tOnOff_showString@s              cstackBANK0  00028
a_m0_tOnOff_showString@s_1778         cstackBANK0  00029
a_showTime@hh                         cstackBANK0  00039
a_showTime@mm                         cstackBANK0  00038
a_showTime@ss                         cstackBANK0  00037
a_showTimerIdOn@i                     cstackBANK0  0002D
a_showTimerIdOn@i_1736                cstackBANK0  0002A
a_showTimerIdOn@id                    cstackBANK0  0002E
a_showTimerIdOn@n                     cstackBANK0  0002C
a_showTimerIdOn@n_1737                cstackBANK0  0002B
a_showTimerIdOn@s                     cstackBANK0  00028
a_showTimerIdOn@s_1738                cstackBANK0  00029
btemp                                 (abs)        0007E
clear_ram                             clrtext      010DE
d7sm_char2pins@c                      cstackBANK3  00194
d7sm_puts_scroll@s                    cstackBANK0  00021
d7sm_puts_scroll@string               cstackBANK0  00023
d7sm_puts_scroll@stringStrlen         cstackBANK0  00020
d7sm_set_88xx@i_2805                  cstackBANK0  0002B
d7sm_set_88xx@n                       cstackBANK0  0002C
d7sm_set_88xx@nTitila                 cstackBANK0  00028
d7sm_set_88xx@number                  cstackBANK0  0002D
d7sm_set_88xx@s                       cstackBANK0  0002A
d7sm_set_88xx@str                     cstackBANK0  00029
d7sm_set_88xx@unitText                cstackBANK0  0002E
eeprom_read@addr                      cstackBANK0  00020
eeprom_write@addr                     cstackBANK0  00020
eeprom_write@value                    cstackBANK0  00021
end_of_initialization                 cinit        01327
fpbase                                functab      00805
fptable                               functab      00800
fsmGetEvent@event                     cstackBANK1  000EC
i1___wmul                             text1253     0124A
i1___wmul@multiplicand                cstackBANK3  00198
i1___wmul@multiplier                  cstackBANK3  00196
i1___wmul@product                     cstackBANK3  00194
i1l30006114                                             
i1l30006118                                             
i1l30006119                                             
i1l30006122                                             
i1l30006127                                             
i1l30006130                                             
i1l30006131                                             
i1l30006132                                             
i1l30006133                                             
i1l30006147                                             
i1l30006148                                             
i1l30006149                                             
i1l30006150                                             
i1l30006151                                             
i1l30006152                                             
i1l30006156                                             
i1l30006157                                             
i1l30006158                                             
i1l30006159                                             
i1l30006160                                             
i1l30006161                                             
i1l30006162                                             
i1l30006163                                             
i1l30006164                                             
i1l30006166                                             
i1l30006167                                             
[...]
l30005429                                               
l30005430                                               
l30005431                                               
l30005432                                               
l30005433                                               
l30005437                                               
l30005438                                               
l30005439                                               
l30005440                                               
l30005441                                               
l30005442                                               
l30005443                                               
l30005444                                               
l30005445                                               
l30005446                                               
l30005447                                               
l30005451                                               
l30005452                                               
l30005453                                               
l30005454                                               
l30005455                                               
l30005458                                               
l30005459                                               
l30005460                                               
l30005461                                               
l30005463                                               
l30005464                                               
l30005465                                               
l30005466                                               
l30005467                                               
l30005471                                               
l30005472                                               
l30005473                                               
l30005474                                               
l30005479                                               
l30005480                                               
l30005481                                               
l30005482                                               
l30005483                                               
l30005484                                               
l30005485                                               
l30005486                                               
l30005487                                               
l30005488                                               
l30005489                                               
l30005490                                               
l30005491                                               
l30005492                                               
l30005493                                               
l30005494                                               
l30005495                                               
l30005496                                               
l30005497                                               
l30005500                                               
l30005502                                               
l30005503                                               
l30005505                                               
l30005506                                               
l30005507                                               
l30005508                                               
l30005509                                               
l30005510                                               
l30005511                                               
l30005512                                               
l30005513                                               
l30005514                                               
l30005515                                               
l30005517                                               
l30005518                                               
l30005519                                               
l30005520                                               
l30005529                                               
l30005534                                               
l30005535                                               
l30005536                                               
l30005537                                               
l30005538                                               
l30005539                                               
l30005540                                               
l30005543                                               
l30005544                                               
l30005545                                               
l30005546                                               
l30005547                                               
l30005548                                               
l30005549                                               
l30005550                                               
l30005553                                               
l30005554                                               
l30005555                                               
l30005556                                               
l30005557                                               
l30005560                                               
l30005561                                               
l30005562                                               
l30005563                                               
l30005565                                               
l30005566                                               
l30005567                                               
l30005568                                               
l30005569                                               
l30005573                                               
l30005574                                               
l30005575                                               
l30005576                                               
l30005580                                               
l30005581                                               
l30005582                                               
l30005583                                               
l30005584                                               
l30005585                                               
l30005586                                               
l30005587                                               
l30005588                                               
l30005589                                               
l30005592                                               
l30005593                                               
l30005603                                               
l30005605                                               
l30005606                                               
l30005607                                               
l30005608                                               
l30005609                                               
l30005610                                               
l30005611                                               
l30005616                                               
l30005618                                               
l30005620                                               
l30005625                                               
l30005626                                               
l30005627                                               
l30005629                                               
l30005630                                               
l30005631                                               
l30005632                                               
l30005634                                               
l30005635                                               
l30005637                                               
l30005638                                               
l30005639                                               
l30005641                                               
l30005642                                               
l30005644                                               
l30005647                                               
l30005649                                               
l30005654                                               
l30005656                                               
l30005658                                               
l30005660                                               
l30005663                                               
l30005664                                               
l30005665                                               
l30005666                                               
l30005667                                               
l30005670                                               
l30005671                                               
l30005672                                               
l30005673                                               
l30005674                                               
l30005675                                               
l30005676                                               
l30005677                                               
l30005678                                               
l30005681                                               
l30005682                                               
l30005683                                               
l30005684                                               
l30005686                                               
l30005687                                               
l30005688                                               
l30005689                                               
l30005690                                               
l30005693                                               
l30005696                                               
l30005697                                               
l30005698                                               
l30005699                                               
l30005700                                               
l30005701                                               
l30005702                                               
l30005703                                               
l30005704                                               
l30005705                                               
l30005709                                               
l30005710                                               
l30005711                                               
l30005712                                               
l30005714                                               
l30005717                                               
l30005718                                               
l30005720                                               
l30005721                                               
l30005724                                               
l30005726                                               
l30005729                                               
l30005730                                               
l30005732                                               
l30005733                                               
l30005734                                               
l30005735                                               
l30005738                                               
l30005739                                               
l30005740                                               
l30005742                                               
l30005750                                               
l30005751                                               
l30005752                                               
l30005754                                               
l30005757                                               
l30005760                                               
l30005761                                               
l30005764                                               
l30005766                                               
l30005771                                               
l30005773                                               
l30005775                                               
l30005777                                               
l30005780                                               
l30005781                                               
l30005783                                               
l30005784                                               
l30005789                                               
l30005790                                               
l30005791                                               
l30005795                                               
l30005797                                               
l30005799                                               
l30005804                                               
l30005811                                               
l30005818                                               
l30005827                                               
l30005835                                               
l30005840                                               
l30005847                                               
l30005854                                               
l30005861                                               
l30005868                                               
l30005873                                               
l30005880                                               
l30005887                                               
l30005892                                               
l30005899                                               
l30005906                                               
l30005913                                               
l30005918                                               
l30005925                                               
l30005932                                               
l30005937                                               
l30005944                                               
l30005951                                               
l30005958                                               
l30005963                                               
l30005970                                               
l30005977                                               
l30005982                                               
l30005989                                               
l30005996                                               
l30006003                                               
l30006008                                               
l30006017                                               
l30006024                                               
l30006029                                               
l30006036                                               
l30006043                                               
l30006053                                               
l30006057                                               
l30006058                                               
l30006061                                               
l30006062                                               
l30006063                                               
l30006064                                               
l30006065                                               
l30006066                                               
l30006067                                               
l30006068                                               
l30006069                                               
l30006070                                               
l30006071                                               
l30006072                                               
l30006073                                               
l30006074                                               
l30006075                                               
l30006076                                               
l30006077                                               
l30006078                                               
l30006079                                               
l30006080                                               
l30006081                                               
l30006082                                               
l30006083                                               
l30006084                                               
l30006085                                               
l30006086                                               
l30006087                                               
l30006088                                               
l30006089                                               
l30006090                                               
l30006091                                               
l30006092                                               
l30006093                                               
l30006094                                               
l30006095                                               
l30006096                                               
l30006097                                               
l30006098                                               
l30006099                                               
l30006100                                               
l30006101                                               
l30006102                                               
l30006103                                               
l30006104                                               
l30006105                                               
l30006106                                               
l30006107                                               
l30006108                                               
l30006109                                               
l30006110                                               
l30006111                                               
l30006112                                               
l33                                                     
l381                                                    
l437                                                    
l461                                                    
l468                                                    
l479                                                    
l502                                                    
l511                                                    
l623                                                    
l703                                                    
l761                                                    
l773                                                    
l803                                                    
main@event                            cstackBANK3  00190
main@ix2Trans                         cstackBANK3  00193
reset_vec                             reset_vec    00000
saved_w                               (abs)        0007F
start                                 init         00012
start_initialization                  cinit        012FC
stringdir                             strings      0100A
stringtab                             strings      01000
t0Driver@i                            cstackBANK3  00195
t1Driver@i                            cstackBANK3  0019F
u5990                                                   
u6000                                                   
u6010                                                   
u6020                                                   
ucharToStr@i                          cstackBANK0  00028
ucharToStr@num                        cstackBANK0  00029
ucharToStr@p2str                      cstackBANK0  0002A
ucharToStr@strLen                     cstackBANK0  0002B
